C51 COMPILER V9.01   MAIN                                                                  05/23/2021 14:38:34 PAGE 1   


C51 COMPILER V9.01, COMPILATION OF MODULE MAIN
OBJECT MODULE PLACED IN main.OBJ
COMPILER INVOKED BY: D:\Keil\C51\BIN\C51.EXE main.c BROWSE DEBUG OBJECTEXTEND

line level    source

   1          #include <REGX52.H>
   2          #include "LCD1602.H" 
   3          #include "delay.H"
   4          #include "IR.H"
   5          
   6          
   7          unsigned char Num;
   8          unsigned char Address,Command;
   9          
  10           
  11          void main()
  12          {
  13   1              LCD_Init();
  14   1              LCD_ShowString(1,1,"ADDR  CMD  NUM");
  15   1              LCD_ShowString(2,1,"00    00   000");
  16   1              IR_Init();
  17   1              while(1)
  18   1              {
  19   2                      if(IR_GetDataFlag() || IR_GetRepeatFlag())
  20   2                      {
  21   3                              Address=IR_GetAddress();
  22   3                              Command=IR_GetCommand();
  23   3      
  24   3                              LCD_ShowHexNum(2,1,Address,2);
  25   3                              LCD_ShowHexNum(2,7,Command,2);
  26   3      
  27   3                              if(Command==IR_VOL_MINUS)
  28   3                              {
  29   4                                      Num--;
  30   4                              }
  31   3                              if(Command==IR_VOL_ADD)
  32   3                              {
  33   4                                      Num++;
  34   4                              }
  35   3                              LCD_ShowNum(2,12,Num,3);
  36   3      
  37   3                      }
  38   2              }
  39   1      }
  40          
  41          
  42          
  43           
  44          
  45          
  46          
  47          
  48          
  49          
  50          
  51          
  52          
  53          
  54          
  55          
C51 COMPILER V9.01   MAIN                                                                  05/23/2021 14:38:34 PAGE 2   

  56          
  57          
  58          
  59          
  60          
  61          
  62          


MODULE INFORMATION:   STATIC OVERLAYABLE
   CODE SIZE        =    115    ----
   CONSTANT SIZE    =     30    ----
   XDATA SIZE       =   ----    ----
   PDATA SIZE       =   ----    ----
   DATA SIZE        =      3    ----
   IDATA SIZE       =   ----    ----
   BIT SIZE         =   ----    ----
END OF MODULE INFORMATION.


C51 COMPILATION COMPLETE.  0 WARNING(S),  0 ERROR(S)
