C51 COMPILER V9.01   MATRIXKEY                                                             05/07/2021 13:12:23 PAGE 1   


C51 COMPILER V9.01, COMPILATION OF MODULE MATRIXKEY
OBJECT MODULE PLACED IN matrixkey.OBJ
COMPILER INVOKED BY: D:\Keil\C51\BIN\C51.EXE matrixkey.c BROWSE DEBUG OBJECTEXTEND

line level    source

   1          #include <REGX52.H>
   2          #include "DELAY.H" 
   3          
   4          unsigned char matrixkey()
   5          {
   6   1              unsigned char keynumber=0;
   7   1              P1=0xff;          //先全部置零
   8   1              P1_3=0;            //第一列给高电平
   9   1              if(P1_7==0){delay(20);while(P1_7==0);delay(20);keynumber=1;}     //判断第一列的第几个
  10   1              if(P1_6==0){delay(20);while(P1_6==0);delay(20);keynumber=5;}
  11   1              if(P1_5==0){delay(20);while(P1_5==0);delay(20);keynumber=9;}
  12   1              if(P1_4==0){delay(20);while(P1_4==0);delay(20);keynumber=13;}
  13   1              
  14   1              
  15   1              P1=0xff;          
  16   1              P1_2=0;          
  17   1              if(P1_7==0){delay(20);while(P1_7==0);delay(20);keynumber=2;}    
  18   1              if(P1_6==0){delay(20);while(P1_6==0);delay(20);keynumber=6;}
  19   1              if(P1_5==0){delay(20);while(P1_5==0);delay(20);keynumber=10;}
  20   1              if(P1_4==0){delay(20);while(P1_4==0);delay(20);keynumber=14;}
  21   1              
  22   1              P1=0xff;          
  23   1              P1_1=0;          
  24   1              if(P1_7==0){delay(20);while(P1_7==0);delay(20);keynumber=3;}    
  25   1              if(P1_6==0){delay(20);while(P1_6==0);delay(20);keynumber=7;}
  26   1              if(P1_5==0){delay(20);while(P1_5==0);delay(20);keynumber=11;}
  27   1              if(P1_4==0){delay(20);while(P1_4==0);delay(20);keynumber=15;}
  28   1              
  29   1              
  30   1              P1=0xff;          
  31   1              P1_0=0;          
  32   1              if(P1_7==0){delay(20);while(P1_7==0);delay(20);keynumber=4;}    
  33   1              if(P1_6==0){delay(20);while(P1_6==0);delay(20);keynumber=8;}
  34   1              if(P1_5==0){delay(20);while(P1_5==0);delay(20);keynumber=12;}
  35   1              if(P1_4==0){delay(20);while(P1_4==0);delay(20);keynumber=16;}   
  36   1              
  37   1                      
  38   1              return keynumber;
  39   1              
  40   1      }


MODULE INFORMATION:   STATIC OVERLAYABLE
   CODE SIZE        =    393    ----
   CONSTANT SIZE    =   ----    ----
   XDATA SIZE       =   ----    ----
   PDATA SIZE       =   ----    ----
   DATA SIZE        =   ----       1
   IDATA SIZE       =   ----    ----
   BIT SIZE         =   ----    ----
END OF MODULE INFORMATION.


C51 COMPILATION COMPLETE.  0 WARNING(S),  0 ERROR(S)
