C51 COMPILER V9.01   MAIN                                                                  05/22/2021 18:43:00 PAGE 1   


C51 COMPILER V9.01, COMPILATION OF MODULE MAIN
OBJECT MODULE PLACED IN main.OBJ
COMPILER INVOKED BY: D:\Keil\C51\BIN\C51.EXE main.c BROWSE DEBUG OBJECTEXTEND

line level    source

   1          #include <REGX52.H>
   2          #include "LCD1602.H" 
   3          #include "DS18B20 One Wire.H"
   4          #include "DS18B20.H"
   5          #include "DELAY.H" 
   6          #include "AT24C02.H" 
   7          #include "KEY2.H"
   8          #include "Timer0.H"  
   9          
  10          
  11          float T,Tshow;
  12          unsigned char KeyNum;
  13          char TLow,THigh;
  14          void main()
  15          {       
  16   1              DS18B20_ConvertT();                         //防止上电后出现短暂的初始值
  17   1              delay(1000);
  18   1              THigh=AT24C02_ReadByte(0);              //上电时取出数据
  19   1              TLow=AT24C02_ReadByte(1);
  20   1              if(THigh>125||THigh<=TLow||TLow<-55)
  21   1              {
  22   2                      TLow=15;
  23   2                      THigh=25;
  24   2              }
  25   1              LCD_Init();
  26   1              LCD_ShowString(1,1,"T:");
  27   1              LCD_ShowString(2,1,"TH:");
  28   1              LCD_ShowString(2,9,"TL:");
  29   1              LCD_ShowSignedNum(2,4,THigh,3);
  30   1              LCD_ShowSignedNum(2,12,TLow,3);
  31   1              Timer0Init();
  32   1              while(1)
  33   1              {       /*温度读取及显示*/
  34   2                      
  35   2                  KeyNum=Key();
  36   2                      DS18B20_ConvertT();
  37   2                      T=DS18B20_ReadT();
  38   2                      if(T<0)
  39   2                      {
  40   3                              LCD_ShowChar(1,3,'-');
  41   3                              Tshow=-T;
  42   3                      }
  43   2                      else
  44   2                      {
  45   3                              LCD_ShowChar(1,3,'+');
  46   3                              Tshow=T;
  47   3                      }
  48   2                      LCD_ShowNum(1,4,Tshow,3);
  49   2                      LCD_ShowChar(1,7,'.');
  50   2                      LCD_ShowNum(1,8,(unsigned long)(Tshow*100)%100,2);
  51   2      
  52   2                      /*阈值判断及显示*/
  53   2                      if(KeyNum)
  54   2                      {
  55   3                              if(KeyNum==1)
C51 COMPILER V9.01   MAIN                                                                  05/22/2021 18:43:00 PAGE 2   

  56   3                              {
  57   4                                      THigh++;
  58   4                                      if(THigh>125){THigh=125;}       
  59   4                              }
  60   3                              if(KeyNum==2)
  61   3                              {
  62   4                                      THigh--;
  63   4                                      if(THigh<=TLow){THigh++;}       
  64   4                              }
  65   3                              if(KeyNum==3)
  66   3                              {
  67   4                                      TLow++; 
  68   4                                      if(THigh<=TLow){TLow--;}        
  69   4      
  70   4                              }
  71   3                              if(KeyNum==4)
  72   3                              {
  73   4                                      TLow--;
  74   4                                      if(TLow<-55){TLow=-55;} 
  75   4                              }
  76   3                              LCD_ShowSignedNum(2,4,THigh,3);
  77   3                              LCD_ShowSignedNum(2,12,TLow,3);
  78   3                              AT24C02_WriteByte(0,THigh);                     //存入 AT24C02
  79   3                              delay(5);
  80   3                              AT24C02_WriteByte(1,TLow);
  81   3                              delay(5);
  82   3      
  83   3                      }
  84   2                      if(T>THigh)
  85   2                      {
  86   3                              LCD_ShowString(1,13,"OV:H");
  87   3                      }
  88   2                      else if(T<TLow)
  89   2                      {
  90   3                              LCD_ShowString(1,13,"OV:L");
  91   3                      }
  92   2                      else
  93   2                      {
  94   3                              LCD_ShowString(1,13,"    ");
  95   3                      }
  96   2              }
  97   1      }
  98          
  99          
 100          void Timer0_Routine() interrupt 1       //调用T0，溢出后接下来做什么(中断子程序)
 101          {
 102   1              static unsigned int T0count;    //无符号int为0~65535
 103   1              TL0 = 0x18;                     //重新给初值。让它再从64535开始 
 104   1              TH0 = 0xFC;
 105   1              T0count++;
 106   1              if(T0count>=20)
 107   1              {
 108   2                      T0count=0;
 109   2                      Key_Loop();     
 110   2              }
 111   1      }
 112          
 113          
 114          
 115          
 116          
 117          
C51 COMPILER V9.01   MAIN                                                                  05/22/2021 18:43:00 PAGE 3   

 118          
 119          
 120          
 121          
 122          
 123          
 124          
 125          
 126          
 127          
 128          
 129          
 130          
 131          
 132          
 133          
 134          
 135          
 136          
 137          
 138          
 139          
 140          
 141          
 142          
 143          
 144          


MODULE INFORMATION:   STATIC OVERLAYABLE
   CODE SIZE        =    627    ----
   CONSTANT SIZE    =     26    ----
   XDATA SIZE       =   ----    ----
   PDATA SIZE       =   ----    ----
   DATA SIZE        =     13    ----
   IDATA SIZE       =   ----    ----
   BIT SIZE         =   ----    ----
END OF MODULE INFORMATION.


C51 COMPILATION COMPLETE.  0 WARNING(S),  0 ERROR(S)
